[duckduckgo.com/index.html]
[backblue.gif]
[fade.gif]
[index.html]
[duckduckgo.com/s1224.css]
[duckduckgo.com/t1224.css]
[duckduckgo.com/favicon.ico]
[duckduckgo.com/assets/icons/meta/DDG-iOS-icon_60x60.png]
[duckduckgo.com/assets/icons/meta/DDG-iOS-icon_76x76.png]
[duckduckgo.com/assets/icons/meta/DDG-iOS-icon_120x120.png]
[duckduckgo.com/assets/icons/meta/DDG-iOS-icon_152x152.png]
[duckduckgo.com/assets/icons/meta/DDG-icon_256x256.png]
[duckduckgo.com/s2022.js]
[duckduckgo.com/locales/en_US/LC_MESSAGES/duckduckgo-duckduckgo+sprintf+gettext+locale-simple.20161118.114529.js]
[duckduckgo.com/d2022.js]
[duckduckgo.com/about.html]
[duckduckgo.com/spread.html]
[duckduckgo.com/index.html]
[duckduckgo.com/font/ProximaNova-Sbold-webfont.eot]
[duckduckgo.com/tour.html]
[duckduckgo.com/font/ProximaNova-Sbold-webfontd41d.eot]
[duckduckgo.com/font/ProximaNova-Sbold-webfont.woff]
[duckduckgo.com/font/ProximaNova-Sbold-webfont.ttf]
[duckduckgo.com/font/ProximaNova-Reg-webfont.eot]
[duckduckgo.com/font/ProximaNova-Sbold-webfont.svg]
[duckduckgo.com/font/ProximaNova-Reg-webfontd41d.eot]
[duckduckgo.com/font/ProximaNova-Reg-webfont.ttf]
[duckduckgo.com/font/ProximaNova-Reg-webfont.woff]
[duckduckgo.com/font/ProximaNova-Reg-webfont.svg]
[duckduckgo.com/font/ProximaNova-RegIt-webfont.eot]
[duckduckgo.com/font/ProximaNova-RegIt-webfontd41d.eot]
[duckduckgo.com/font/ProximaNova-RegIt-webfont.ttf]
[duckduckgo.com/font/ProximaNova-RegIt-webfont.woff]
[duckduckgo.com/font/ProximaNova-RegIt-webfont.svg]
[duckduckgo.com/font/ProximaNova-Light-webfont.eot]
[duckduckgo.com/font/ProximaNova-Light-webfontd41d.eot]
[duckduckgo.com/font/ProximaNova-Light-webfont.woff]
[duckduckgo.com/font/ProximaNova-Light-webfont.ttf]
[duckduckgo.com/font/ProximaNova-Light-webfont.svg]
[duckduckgo.com/assets/settings/colorpicker-1d.100.png]
[duckduckgo.com/font/ddg-serp-icons80da.eot]
[duckduckgo.com/font/ddg-serp-icons80da.svg]
[duckduckgo.com/font/ddg-serp-icons80da.ttf]
[duckduckgo.com/assets/icons/browsers/small/chrome.png]
[duckduckgo.com/assets/icons/browsers/small/chrome.svg]
[duckduckgo.com/assets/icons/browsers/small/firefox.png]
[duckduckgo.com/assets/icons/browsers/small/firefox.svg]
[duckduckgo.com/assets/icons/browsers/small/safari.png]
[duckduckgo.com/assets/icons/browsers/small/safari.svg]
[duckduckgo.com/assets/icons/browsers/small/opera.png]
[duckduckgo.com/assets/icons/browsers/small/opera.svg]
[duckduckgo.com/assets/icons/browsers/small/ie.png]
[duckduckgo.com/assets/icons/browsers/small/ie.svg]
[duckduckgo.com/assets/icons/browsers/small/edge.png]
[duckduckgo.com/assets/icons/browsers/small/edge.svg]
[duckduckgo.com/assets/icons/browsers/small/arora.png]
[duckduckgo.com/assets/icons/browsers/small/arora.svg]
[duckduckgo.com/assets/icons/browsers/small/maxthon.png]
[duckduckgo.com/assets/icons/browsers/small/maxthon.svg]
[duckduckgo.com/assets/icons/browsers/small/seamonkey.png]
[duckduckgo.com/assets/icons/browsers/small/seamonkey.svg]
[duckduckgo.com/assets/icons/browsers/small/palemoon.png]
[duckduckgo.com/assets/icons/browsers/small/palemoon.svg]
[duckduckgo.com/assets/icons/browsers/small/vivaldi.png]
[duckduckgo.com/assets/icons/browsers/small/vivaldi.svg]
[duckduckgo.com/assets/icons/browsers/small/ddg.png]
[duckduckgo.com/assets/icons/browsers/small/ddg.svg]
[duckduckgo.com/assets/logo_homepage.normal.v107.png]
[duckduckgo.com/assets/logo_homepage.normal.v107.svg]
[duckduckgo.com/assets/logo_homepage.alt.v105.png]
[duckduckgo.com/assets/logo_homepage.alt.v106.svg]
[duckduckgo.com/assets/logo_homepage_small.normal.v107.png]
[duckduckgo.com/assets/logo_homepage_small.normal.v107.svg]
[duckduckgo.com/assets/logo_homepage_small.alt.v105.png]
[duckduckgo.com/assets/logo_homepage_small.alt.v107.svg]
[duckduckgo.com/assets/logo_homepage_mobile.normal.v107.png]
[duckduckgo.com/assets/logo_homepage_mobile.normal.v107.svg]
[duckduckgo.com/assets/logo_homepage_mobile.alt.v105.png]
[duckduckgo.com/assets/logo_homepage.normal.v107.retina.png]
[duckduckgo.com/assets/logo_homepage_mobile.alt.v106.svg]
[duckduckgo.com/assets/logo_homepage.alt.v105.retina.png]
[duckduckgo.com/assets/logo_homepage_small.normal.v107.retina.png]
[duckduckgo.com/assets/logo_homepage_small.alt.v105.retina.png]
[duckduckgo.com/assets/logo_homepage_mobile.normal.v107.retina.png]
[duckduckgo.com/assets/logo_homepage_mobile.alt.v105.retina.png]
[duckduckgo.com/assets/logo_header.v107.min.png]
[duckduckgo.com/assets/logo_header.v107.min.svg]
[duckduckgo.com/assets/logo_header_alt.v103.min.png]
[duckduckgo.com/assets/logo_header_alt.v103.min.svg]
[duckduckgo.com/assets/logo_header.v107.lg.png]
[duckduckgo.com/assets/logo_header.v107.lg.svg]
[duckduckgo.com/assets/logo_header_alt.v103.lg.png]
[duckduckgo.com/assets/logo_header_alt.v103.lg.svg]
[duckduckgo.com/assets/logo_header.v107.min.retina.png]
[duckduckgo.com/assets/logo_header_alt.v103.min.retina.png]
[duckduckgo.com/assets/logo_header.v107.lg.retina.png]
[duckduckgo.com/assets/logo_header_alt.v107.lg.retina.html]
[duckduckgo.com/assets/dax.png]
[duckduckgo.com/assets/dax.svg]
[duckduckgo.com/assets/dax.retina.png]
[duckduckgo.com/assets/onboarding/newsletter/balloonist.svg]
[duckduckgo.com/assets/onboarding/balloonist/sun.png]
[duckduckgo.com/assets/onboarding/stars.png]
[duckduckgo.com/assets/onboarding/twinkling-new.png]
[duckduckgo.com/assets/logos/initech/logo_homepage.png]
[duckduckgo.com/assets/logos/initech/logo_homepage.svg]
[duckduckgo.com/assets/logos/initech/logo_homepage_mobile.png]
[duckduckgo.com/assets/logos/initech/logo_homepage_mobile.svg]
[duckduckgo.com/assets/logos/initech/logo_homepage.retina.png]
[duckduckgo.com/assets/logos/initech/logo_homepage_small.retina.html]
[duckduckgo.com/assets/logos/initech/logo_homepage_mobile.retina.png]
[duckduckgo.com/assets/logos/resetthenet/logo_homepage.normal.png]
[duckduckgo.com/assets/logos/resetthenet/logo_homepage.alt.png]
[duckduckgo.com/assets/logos/resetthenet/logo_homepage.normal.svg]
[duckduckgo.com/assets/logos/resetthenet/logo_homepage_small.normal.png]
[duckduckgo.com/assets/logos/resetthenet/logo_homepage.alt.svg]
[duckduckgo.com/assets/logos/resetthenet/logo_homepage_small.normal.svg]
[duckduckgo.com/assets/logos/resetthenet/logo_homepage_small.alt.png]
[duckduckgo.com/assets/logos/resetthenet/logo_homepage_small.alt.svg]
[duckduckgo.com/assets/logos/resetthenet/logo_homepage_mobile.normal.png]
[duckduckgo.com/assets/logos/resetthenet/logo_homepage_mobile.normal.svg]
[duckduckgo.com/assets/logos/resetthenet/logo_homepage_mobile.alt.png]
[duckduckgo.com/assets/logos/resetthenet/logo_homepage_mobile.alt.svg]
[duckduckgo.com/assets/logos/resetthenet/logo_homepage.normal.retina.png]
[duckduckgo.com/assets/logos/resetthenet/logo_homepage.alt.retina.png]
[duckduckgo.com/assets/logos/resetthenet/logo_homepage_small.normal.retina.png]
[duckduckgo.com/assets/logos/resetthenet/logo_homepage_small.alt.retina.png]
[duckduckgo.com/assets/logos/resetthenet/logo_homepage_mobile.normal.retina.png]
[duckduckgo.com/s1224.css]
[duckduckgo.com/assets/logos/resetthenet/logo_homepage_mobile.alt.retina.png]
[duckduckgo.com/assets/spread/rocket-hero.v102.png]
[duckduckgo.com/assets/spread/rocket-hero.v102.svg]
[duckduckgo.com/assets/tour/down-arrow.png]
[duckduckgo.com/assets/microsites/font/fontawesome-webfont.eot]
[duckduckgo.com/assets/tour/down-arrow.svg]
[duckduckgo.com/assets/microsites/font/fontawesome-webfontd41d.eot]
[duckduckgo.com/assets/microsites/font/fontawesome-webfont.ttf]
[duckduckgo.com/assets/microsites/font/fontawesome-webfont.woff]
[duckduckgo.com/assets/microsites/font/fontawesome-webfont.svg]
[duckduckgo.com/t1224.css]
[duckduckgo.com/s2022.js]
[duckduckgo.com/assets/settings/icon_cloudsave.v100.retina.html]
[duckduckgo.com/ABCDEFGHIJKLMNOPQRSTUVWXYZabcdefghijklmnopqrstuvwxyz0123456789+/index.html]
[duckduckgo.com/locales/en_US/LC_MESSAGES/duckduckgo-duckduckgo+sprintf+gettext+locale-simple.20161118.114529.js]
[duckduckgo.com/d2022.js]
[duckduckgo.com/assets/about/about-duckduckgo-posterimg.jpg]
[duckduckgo.com/GET.html]
[duckduckgo.com/js/mapbox/mapbox-2.2.3.js]
[duckduckgo.com/js/mapbox/leaflet.markercluster-0.4.0.js]
[duckduckgo.com/js/mapbox/mapbox-2.2.3.css]
[duckduckgo.com/t1174.js]
[duckduckgo.com/assets/dax-alt.png]
[duckduckgo.com/assets/about/icons/privacy-alt.png]
[duckduckgo.com/privacy.html]
[duckduckgo.com/assets/about/icons/community-alt.png]
[duckduckgo.com/assets/about/icons/search-alt.png]
[duckduckgo.com/assets/about/icons/build.png]
[duckduckgo.com/assets/about/icons/love.png]
[duckduckgo.com/assets/about/icons/community.png]
[duckduckgo.com/assets/about/news/fastco_author.jpg]
[duckduckgo.com/assets/about/news/theguardian_author.jpg]
[duckduckgo.com/assets/about/news/wapost_author.jpg]
[duckduckgo.com/assets/about/news/fastco_logo.png]
[duckduckgo.com/assets/about/news/theguardian_logo.png]
[duckduckgo.com/assets/about/news/wapost_logo.png]
[duckduckgo.com/about.html]
[duckduckgo.com/traffic.html]
[duckduckgo.com/assets/spread/love.png]
[duckduckgo.com/indexe95e.html]
[duckduckgo.com/assets/spread/share.png]
[duckduckgo.com/spread.html]
[duckduckgo.com/assets/spread/growth.png]
[duckduckgo.com/assets/tour/tycho_hero.jpg]
[duckduckgo.com/assets/tour/1a_images.jpg]
[duckduckgo.com/assets/tour/2b_weather.jpg]
[duckduckgo.com/settings.html]
[duckduckgo.com/assets/tour/3b_theme.jpg]
[duckduckgo.com/bang.html]
[duckduckgo.com/assets/tour/bang_drop-down.jpg]
[duckduckgo.com/newbang.html]
[duckduckgo.com/assets/tour/bang_results.png]
[duckduckgo.com/tour.html]
[duckduckgo.com/assets/tour/safari-FF_integration.jpg]
[duckduckgo.com/font/ProximaNova-Sbold-webfont.svg]
[duckduckgo.com/font/ProximaNova-Reg-webfont.svg]
[duckduckgo.com/font/ProximaNova-RegIt-webfont.svg]
[duckduckgo.com/index709b.html]
[duckduckgo.com/index640c.html]
[duckduckgo.com/font/ProximaNova-Light-webfont.svg]
[duckduckgo.com/index17de.html]
[duckduckgo.com/indexa8dd.html]
[duckduckgo.com/font/ddg-serp-icons80da.svg]
[duckduckgo.com/assets/icons/browsers/small/chrome.svg]
[duckduckgo.com/indexb9ff.html]
[duckduckgo.com/indexb50d.html]
[duckduckgo.com/assets/icons/browsers/small/firefox.svg]
[duckduckgo.com/index9396.html]
[duckduckgo.com/index5b1a.html]
[duckduckgo.com/assets/icons/browsers/small/safari.svg]
[duckduckgo.com/assets/icons/browsers/small/opera.svg]
[duckduckgo.com/index32fc.html]
[duckduckgo.com/index2214.html]
[duckduckgo.com/assets/icons/browsers/small/ie.svg]
[duckduckgo.com/indexde94.html]
[duckduckgo.com/index3687.html]
[duckduckgo.com/assets/icons/browsers/small/edge.svg]
[duckduckgo.com/assets/icons/browsers/small/arora.svg]
[duckduckgo.com/index94c1.html]
[duckduckgo.com/index102b.html]
[duckduckgo.com/assets/icons/browsers/small/maxthon.svg]
[duckduckgo.com/index7164.html]
[duckduckgo.com/indexe510.html]
[duckduckgo.com/assets/icons/browsers/small/seamonkey.svg]
[duckduckgo.com/assets/icons/browsers/small/palemoon.svg]
[duckduckgo.com/index90f7.html]
[duckduckgo.com/index1361.html]
[duckduckgo.com/assets/icons/browsers/small/vivaldi.svg]
[duckduckgo.com/indexf86c.html]
[duckduckgo.com/index772c.html]
[duckduckgo.com/assets/icons/browsers/small/ddg.svg]
[duckduckgo.com/assets/logo_homepage.normal.v107.svg]
[duckduckgo.com/indexbbf3.html]
[duckduckgo.com/assets/logo_homepage.alt.v106.svg]
[duckduckgo.com/index1fd0.html]
[duckduckgo.com/indexa597.html]
[duckduckgo.com/indexa7d7.html]
[duckduckgo.com/assets/logo_homepage_small.normal.v107.svg]
[duckduckgo.com/assets/logo_homepage_small.alt.v107.svg]
[duckduckgo.com/assets/logo_homepage_mobile.normal.v107.svg]
[duckduckgo.com/assets/logo_homepage_mobile.alt.v106.svg]
[duckduckgo.com/assets/logo_header.v107.min.svg]
[duckduckgo.com/assets/logo_header_alt.v103.min.svg]
[duckduckgo.com/assets/logo_header.v107.lg.svg]
[duckduckgo.com/assets/logo_header_alt.v103.lg.svg]
[duckduckgo.com/assets/logo_homepage_small.normal.v103.svg]
[duckduckgo.com/index68f6.html]
[duckduckgo.com/assets/logo_header_alt.v107.lg.retina.html]
[duckduckgo.com/assets/dax.svg]
[duckduckgo.com/assets/onboarding/newsletter/balloonist.svg]
[duckduckgo.com/assets/logos/initech/logo_homepage.svg]
[duckduckgo.com/assets/logos/initech/logo_homepage_mobile.svg]
[duckduckgo.com/assets/logos/initech/logo_homepage_small.retina.html]
[duckduckgo.com/r1224.css]
[duckduckgo.com/assets/logos/resetthenet/logo_homepage.normal.svg]
[duckduckgo.com/assets/logos/resetthenet/logo_homepage.normal.v105.html]
[duckduckgo.com/assets/logos/resetthenet/logo_homepage.alt.svg]
[duckduckgo.com/assets/logos/resetthenet/logo_homepage.alt.v105.html]
[duckduckgo.com/assets/logos/resetthenet/logo_homepage_small.normal.svg]
[duckduckgo.com/assets/logos/resetthenet/logo_homepage_small.normal.v105.html]
[duckduckgo.com/assets/logos/resetthenet/logo_homepage_small.alt.svg]
[duckduckgo.com/assets/logos/resetthenet/logo_homepage_small.alt.v105.html]
[duckduckgo.com/assets/logos/resetthenet/logo_homepage_mobile.normal.svg]
[duckduckgo.com/assets/logos/resetthenet/logo_homepage_mobile.normal.v105.html]
[duckduckgo.com/assets/logos/resetthenet/logo_homepage_mobile.alt.svg]
[duckduckgo.com/assets/spread/rocket-hero.v102.svg]
[duckduckgo.com/assets/tour/down-arrow.svg]
[duckduckgo.com/assets/microsites/font/fontawesome-webfont.svg]
[duckduckgo.com/assets/settings/icon_cloudsave.v100.retina.html]
[duckduckgo.com/ABCDEFGHIJKLMNOPQRSTUVWXYZabcdefghijklmnopqrstuvwxyz0123456789+/index.html]
[duckduckgo.com/GET.html]
[duckduckgo.com/assets/logos/resetthenet/logo_homepage_mobile.alt.v105.html]
[duckduckgo.com/mustache.html]
[duckduckgo.com/js/mapbox/mapbox-2.2.3.js]
[duckduckgo.com/js/mapbox/leaflet.markercluster-0.4.0.js]
[duckduckgo.com/sanitizer-bundle.html]
[duckduckgo.com/js/mapbox/images/icons-000000@2x.png]
[duckduckgo.com/js/mapbox/mapbox-2.2.3.css]
[duckduckgo.com/js/mapbox/images/icons-ffffff@2x.png]
[duckduckgo.com/t1174.js]
[duckduckgo.com/js/build/hammer-v2.0.8.min.js]
[duckduckgo.com/HTTP_referrer.html]
[duckduckgo.com/User_agent.html]
[duckduckgo.com/index25a7.html]
[duckduckgo.com/IP_Address.html]
[duckduckgo.com/HTTP_Secure.html]
[duckduckgo.com/HTTP_cookie.html]
[duckduckgo.com/indexaf49.html]
[duckduckgo.com/Electronic_Frontier_Foundation.html]
[duckduckgo.com/params.html]
[duckduckgo.com/index8b73.html]
[duckduckgo.com/privacy.html]
[duckduckgo.com/feedback.html]
[duckduckgo.com/index9dda.html]
[duckduckgo.com/traffic.html]
[duckduckgo.com/indexe95e.html]
[duckduckgo.com/index709b.html]
[duckduckgo.com/traffic_data/dygraph-combined.js]
[duckduckgo.com/index640c.html]
[duckduckgo.com/indexa8dd.html]
[duckduckgo.com/index17de.html]
[duckduckgo.com/indexb9ff.html]
[duckduckgo.com/indexb50d.html]
[duckduckgo.com/index5b1a.html]
[duckduckgo.com/index9396.html]
[duckduckgo.com/html.html]
[duckduckgo.com/g1522.js]
[duckduckgo.com/settings.html]
[duckduckgo.com/index32fc.html]
[duckduckgo.com/index2214.html]
[duckduckgo.com/indexde94.html]
[duckduckgo.com/lite.html]
[duckduckgo.com/assets/bang/bang.png]
[duckduckgo.com/assets/bang/screenshot.png]
[duckduckgo.com/bang.html]
[duckduckgo.com/newbang.html]
[duckduckgo.com/index3687.html]
[duckduckgo.com/index94c1.html]
[duckduckgo.com/index102b.html]
[duckduckgo.com/index7164.html]
[duckduckgo.com/indexe510.html]
[duckduckgo.com/index90f7.html]
[duckduckgo.com/index1361.html]
[duckduckgo.com/indexf86c.html]
[duckduckgo.com/index772c.html]
[duckduckgo.com/indexbbf3.html]
[duckduckgo.com/index1fd0.html]
[duckduckgo.com/indexa597.html]
[duckduckgo.com/indexa7d7.html]
[duckduckgo.com/index68f6.html]
[duckduckgo.com/assets/logo_homepage_small.normal.v103.svg]
[duckduckgo.com/bang_lite.html]
[duckduckgo.com/assets/icons/thirdparty/prime.v101.png]
[duckduckgo.com/assets/icons/thirdparty/prime.v101.svg]
[duckduckgo.com/assets/attribution/yandex.v102.png]
[duckduckgo.com/assets/attribution/yandex.v102.svg]
[duckduckgo.com/assets/attribution/yahoo.v103.png]
[duckduckgo.com/assets/attribution/yahoo.v103.svg]
[duckduckgo.com/assets/attribution/blekko.v102.png]
[duckduckgo.com/assets/attribution/blekko.v102.svg]
[duckduckgo.com/assets/attribution/bing.v102.png]
[duckduckgo.com/assets/attribution/bing.v102.svg]
[duckduckgo.com/assets/flags/flags-20px30f4.png]
[duckduckgo.com/assets/flags/flags-32px30f4.png]
[duckduckgo.com/assets/flags/flags-40px30f4.png]
[duckduckgo.com/assets/flags/flags-64px30f4.png]
[duckduckgo.com/assets/flags/flags-60px30f4.png]
[duckduckgo.com/assets/flags/flags-96px30f4.png]
[duckduckgo.com/assets/map-pin.png]
[duckduckgo.com/assets/map-pin.svg]
[duckduckgo.com/assets/icon_region.svg]
[duckduckgo.com/assets/icon_region_dark.svg]
[duckduckgo.com/assets/icon_date.svg]
[duckduckgo.com/assets/icon_date_dark.svg]
[duckduckgo.com/js/mapbox/ddgimages/map-pin_blank.v101.png]
[duckduckgo.com/js/mapbox/ddgimages/map-pin_active.png]
[duckduckgo.com/js/mapbox/ddgimages/map-pin_star.v101.png]
[duckduckgo.com/js/mapbox/ddgimages/map-pin_blank@2x.v101.png]
[duckduckgo.com/js/mapbox/ddgimages/map-pin_active@2x.png]
[duckduckgo.com/js/mapbox/ddgimages/map-pin_star@2x.v101.png]
[duckduckgo.com/img/privacy.png]
[duckduckgo.com/img/privacy@2x.png]
[duckduckgo.com/r1224.css]
[duckduckgo.com/assets/logos/resetthenet/logo_homepage.normal.v105.html]
[duckduckgo.com/assets/logos/resetthenet/logo_homepage.alt.v105.html]
[duckduckgo.com/assets/logos/resetthenet/logo_homepage_small.normal.v105.html]
[duckduckgo.com/assets/logos/resetthenet/logo_homepage_small.alt.v105.html]
[duckduckgo.com/assets/logos/resetthenet/logo_homepage_mobile.normal.v105.html]
[duckduckgo.com/assets/logos/resetthenet/logo_homepage_mobile.alt.v105.html]
[duckduckgo.com/c/Free_computer_libraries.html]
[duckduckgo.com/d4a49.js]
[duckduckgo.com/html/index854d.html]
[duckduckgo.com/mustache.html]
[duckduckgo.com/sanitizer-bundle.html]
[duckduckgo.com/js/build/hammer-v2.0.8.min.js]
[duckduckgo.com/index25a7.html]
[duckduckgo.com/d3315.js]
[duckduckgo.com/c/URI_schemes.html]
[duckduckgo.com/html/index8a00.html]
[duckduckgo.com/d033e.js]
[duckduckgo.com/HTTP_referrer.html]
[duckduckgo.com/User_agent.html]
[duckduckgo.com/IP_Address.html]
[duckduckgo.com/dffb8.js]
[duckduckgo.com/c/Cryptographic_protocols.html]
[duckduckgo.com/d1c4a.js]
[duckduckgo.com/html/indexb930.html]
[duckduckgo.com/HTTP_Secure.html]
[duckduckgo.com/indexaf49.html]
[duckduckgo.com/index8b73.html]
[duckduckgo.com/d5725.js]
[duckduckgo.com/c/Computer_access_control.html]
[duckduckgo.com/d4883.js]
[duckduckgo.com/html/indexaa62.html]
[duckduckgo.com/HTTP_cookie.html]
[duckduckgo.com/d0ca1.js]
[duckduckgo.com/c/Electronic_Frontier_Foundation.html]
[duckduckgo.com/d2937.js]
[duckduckgo.com/index6e76.html]
[duckduckgo.com/html/index7e0d.html]
[duckduckgo.com/Electronic_Frontier_Foundation.html]
[duckduckgo.com/d71af.js]
[duckduckgo.com/params.html]
[duckduckgo.com/search_box.html]
[duckduckgo.com/css/feedback.css]
[duckduckgo.com/assets/logos/logo_feedback.help.png]
[duckduckgo.com/feedback.html]
[duckduckgo.com/index9dda.html]
[duckduckgo.com/traffic_data/dygraph-combined.js]
[duckduckgo.com/about/index.html]
[duckduckgo.com/press/index.html]
[duckduckgo.com/privacy/index.html]
[duckduckgo.com/web.html]
[duckduckgo.com/g1522.js]
[duckduckgo.com/js/jquery.xdomainrequest.min.js]
[duckduckgo.com/opensearch_html.xml]
[duckduckgo.com/assets/logo_icon128.v101.png]
[duckduckgo.com/assets/logo_homepage.normal.v101.png]
[duckduckgo.com/h1224.css]
[duckduckgo.com/html.html]
[duckduckgo.com/lite.html]
[duckduckgo.com/opensearch_lite.xml]
[duckduckgo.com/locales/en_CA/LC_MESSAGES/duckduckgo-duckduckgo+sprintf+gettext+locale-simple.20141219.103601.html]
[duckduckgo.com/opensearch.xml]
[duckduckgo.com/bang_lite.html]
[duckduckgo.com/assets/icons/thirdparty/prime.v101.svg]
[duckduckgo.com/assets/attribution/yandex.v102.svg]
[duckduckgo.com/assets/attribution/yahoo.v103.svg]
[duckduckgo.com/assets/attribution/blekko.v102.svg]
[duckduckgo.com/assets/attribution/bing.v102.svg]
[duckduckgo.com/assets/map-pin.svg]
[duckduckgo.com/assets/icon_region.svg]
[duckduckgo.com/assets/icon_region_dark.svg]
[duckduckgo.com/assets/icon_date.svg]
[duckduckgo.com/assets/icon_date_dark.svg]
[duckduckgo.com/1/c/Free_computer_libraries.html]
[duckduckgo.com/d199d.js]
[duckduckgo.com/html/index19eb.html]
[duckduckgo.com/c/Free_computer_libraries.html]
[duckduckgo.com/html/index854d.html]
[duckduckgo.com/t4a49.js]
[duckduckgo.com/d4324.js]
[duckduckgo.com/share/spice/github/1250/github.css]
[duckduckgo.com/share/spice/github/1250/github.spice.js]
[duckduckgo.com/d4a49.js]
[duckduckgo.com/d3315.js]
[duckduckgo.com/js/spice/github/user_janl mustache.js]
[duckduckgo.com/1/c/URI_schemes.html]
[duckduckgo.com/db050.js]
[duckduckgo.com/html/index9cdd.html]
[duckduckgo.com/c/URI_schemes.html]
[duckduckgo.com/html/index8a00.html]
[duckduckgo.com/t033e.js]
[duckduckgo.com/deb47.js]
[duckduckgo.com/d033e.js]
[duckduckgo.com/f2c82.js]
[duckduckgo.com/dffb8.js]
[duckduckgo.com/f31f4.js]
[duckduckgo.com/1/c/Cryptographic_protocols.html]
[duckduckgo.com/d8694.js]
[duckduckgo.com/html/index8d17.html]
[duckduckgo.com/c/Cryptographic_protocols.html]
[duckduckgo.com/html/indexb930.html]
[duckduckgo.com/t1c4a.js]
[duckduckgo.com/d0688.js]
[duckduckgo.com/d1c4a.js]
[duckduckgo.com/fae0c.js]
[duckduckgo.com/d5725.js]
[duckduckgo.com/fe5af.js]
[duckduckgo.com/1/c/Computer_access_control.html]
[duckduckgo.com/html/index7fe8.html]
[duckduckgo.com/d5073.js]
[duckduckgo.com/c/Computer_access_control.html]
[duckduckgo.com/html/indexaa62.html]
[duckduckgo.com/t4883.js]
[duckduckgo.com/d41f5.js]
[duckduckgo.com/d4883.js]
[duckduckgo.com/f1802.js]
[duckduckgo.com/share/spice/recipes/1250/recipes.css]
[duckduckgo.com/d0ca1.js]
[duckduckgo.com/share/spice/recipes/1250/recipes.spice.js]
[duckduckgo.com/1/c/Electronic_Frontier_Foundation.html]
[duckduckgo.com/d8460.js]
[duckduckgo.com/c/Electronic_Frontier_Foundation.html]
[duckduckgo.com/html/index7e0d.html]
[duckduckgo.com/index6e76.html]
[duckduckgo.com/t2937.js]
[duckduckgo.com/d2937.js]
[duckduckgo.com/d0a28.js]
[duckduckgo.com/share/spice/maps/places/1250/maps_places.spice.js]
[duckduckgo.com/js/mapbox/mapbox-1.6.2.js]
[duckduckgo.com/js/mapbox/mapbox-1.6.2.css]
[duckduckgo.com/d71af.js]
[duckduckgo.com/search.html]
[duckduckgo.com/local2c28.js]
[duckduckgo.com/search_box.html]
[duckduckgo.com/font/ddg-feedback.eot]
[duckduckgo.com/index3206.html]
[duckduckgo.com/font/ddg-feedbackd41d.eot]
[duckduckgo.com/font/ddg-feedback.woff]
[duckduckgo.com/font/ddg-feedback.ttf]
[duckduckgo.com/css/feedback.css]
[duckduckgo.com/font/ddg-feedback.svg]
[duckduckgo.com/c/Literate_programming.html]
[duckduckgo.com/d8176.js]
[duckduckgo.com/html/index5056.html]
[duckduckgo.com/web.html]
[duckduckgo.com/js/jquery.xdomainrequest.min.js]
[duckduckgo.com/d7868.js]
[duckduckgo.com/assets/loupe_gray.png]
[duckduckgo.com/assets/loupe_white.png]
[duckduckgo.com/assets/chevron.png]
[duckduckgo.com/h1224.css]
[duckduckgo.com/locales/en_CA/LC_MESSAGES/duckduckgo-duckduckgo+sprintf+gettext+locale-simple.20141219.103601.html]
[duckduckgo.com/1/c/Free_computer_libraries.html]
[duckduckgo.com/html/index19eb.html]
[duckduckgo.com/t199d.js]
[duckduckgo.com/d199d.js]
[duckduckgo.com/d4324.js]
[duckduckgo.com/share/spice/github/1250/github.css]
[duckduckgo.com/f0229.js]
[duckduckgo.com/share/spice/github/1250/github.spice.js]
[duckduckgo.com/1/c/URI_schemes.html]
[duckduckgo.com/html/index9cdd.html]
[duckduckgo.com/tb050.js]
[duckduckgo.com/moment.html]
[duckduckgo.com/db050.js]
[duckduckgo.com/f12f8.js]
[duckduckgo.com/deb47.js]
[duckduckgo.com/1/c/Cryptographic_protocols.html]
[duckduckgo.com/html/index8d17.html]
[duckduckgo.com/t8694.js]
[duckduckgo.com/f8fd7.js]
[duckduckgo.com/fb2db.js]
[duckduckgo.com/a1160.js]
[duckduckgo.com/d8694.js]
[duckduckgo.com/d0688.js]
[duckduckgo.com/1/c/Computer_access_control.html]
[duckduckgo.com/html/index7fe8.html]
[duckduckgo.com/t5073.js]
[duckduckgo.com/f70f0.js]
[duckduckgo.com/d5073.js]
[duckduckgo.com/a4c86.js]
[duckduckgo.com/d41f5.js]
[duckduckgo.com/share/spice/recipes/1250/recipes.css]
[duckduckgo.com/share/spice/recipes/1250/recipes.spice.js]
[duckduckgo.com/1/c/Electronic_Frontier_Foundation.html]
[duckduckgo.com/t8460.js]
[duckduckgo.com/yummly.com.html]
[duckduckgo.com/a8d2a.js]
[duckduckgo.com/d8460.js]
[duckduckgo.com/d0a28.js]
[duckduckgo.com/share/spice/maps/places/1250/maps_places.spice.js]
[duckduckgo.com/js/mapbox/mapbox-1.6.2.js]
[duckduckgo.com/local2d95.js]
[duckduckgo.com/js/mapbox/images/icons-000000.png]
[duckduckgo.com/js/mapbox/mapbox-1.6.2.css]
[duckduckgo.com/js/mapbox/images/icons-ffffff.png]
[duckduckgo.com/assets/search_dropdown_homepage.v102.png]
[duckduckgo.com/search.html]
[duckduckgo.com/index3206.html]
[duckduckgo.com/font/ddg-feedback.svg]
[duckduckgo.com/assets/logo_icon60.v101.png]
[duckduckgo.com/1/c/Literate_programming.html]
[duckduckgo.com/html/index2787.html]
[duckduckgo.com/dddea.js]
[duckduckgo.com/c/Literate_programming.html]
[duckduckgo.com/html/index5056.html]
[duckduckgo.com/t8176.js]
[duckduckgo.com/d80e2.js]
[duckduckgo.com/d8176.js]
[duckduckgo.com/d7868.js]
[duckduckgo.com/f037b.js]
[duckduckgo.com/c/Software_using_the_MIT_license.html]
[duckduckgo.com/indexb679.html]
[duckduckgo.com/html/indexa4de.html]
[duckduckgo.com/d3b0a.js]
[duckduckgo.com/moment.html]
[duckduckgo.com/a1160.js]
[duckduckgo.com/a4c86.js]
[duckduckgo.com/yummly.com.html]
[duckduckgo.com/a8d2a.js]
[duckduckgo.com/1/c/Literate_programming.html]
[duckduckgo.com/html/index2787.html]
[duckduckgo.com/tddea.js]
[duckduckgo.com/dddea.js]
[duckduckgo.com/d4fec.js]
[duckduckgo.com/share/spice/amazon/1250/amazon.spice.js]
[duckduckgo.com/f7566.js]
[duckduckgo.com/a6255.js]
[duckduckgo.com/d80e2.js]
[duckduckgo.com/m75af.js]
[duckduckgo.com/1/c/Software_using_the_MIT_license.html]
[duckduckgo.com/d9ea8.js]
[duckduckgo.com/html/index33d2.html]
[duckduckgo.com/c/Software_using_the_MIT_license.html]
[duckduckgo.com/html/indexa4de.html]
[duckduckgo.com/indexb679.html]
[duckduckgo.com/t3b0a.js]
[duckduckgo.com/d3b0a.js]
[duckduckgo.com/d4fec.js]
[duckduckgo.com/share/spice/amazon/1250/amazon.spice.js]
[duckduckgo.com/a6255.js]
[duckduckgo.com/m75af.js]
[duckduckgo.com/1/c/Software_using_the_MIT_license.html]
[duckduckgo.com/html/index33d2.html]
[duckduckgo.com/t9ea8.js]
[duckduckgo.com/d979c.js]
[duckduckgo.com/f06ee.js]
[duckduckgo.com/d9ea8.js]
[duckduckgo.com/aa0ff.js]
[duckduckgo.com/d979c.js]
[duckduckgo.com/aa0ff.js]
[duckduckgo.com/fb9bc.js]
